func main(){
        Graph g = new Graph();

        Node losangeles = new Node({'temp':90,'humidity':'low'});

        Node sanjose = new Node({'temp':50,'humidity':'low'});

        Node sanfransisco = new Node({'temp':65, 'humidity':'high'});

        Node paris = new Node({'temp':30, 'weather':'snowing'});

        g.add(losangeles);

        g.add(sanjose);

        g.add(sanfransisco);

        g.add(paris);

        UnDirEdge la_sj = new UnDirEdge(losangeles, sanjose, {'cost': 100});

        UnDirEdge sj_sf = new UnDirEdge(sanjose, sanfransisco, {'cost':50});

        UnDirEdge la_sf = new UnDirEdge(losangeles, sanfransisco, {'cost':180});

        g.addEdge(la_sj);

        g.addEdge(sj_sf);

        g.addEdge(la_sf);

        g.getEdge(losangeles, sanfransisco);

        print("Shortest path between Los Angeles and San Fransisco: ");

        g.findShortest(losangeles, sanfransisco, 'cost');

        print("Unconnected nodes in graph g: ");

        print(g.nodesWithoutNeighbors());

        g.draw("shortest.jpeg");
}